// Jest Snapshot v1, https://goo.gl/fbAQLP

exports[`stun skip battle snapshot keeps deterministic event order around stunned skips 1`] = `
[
  {
    "round": 1,
    "type": "ROUND_START",
  },
  {
    "actorId": "alpha",
    "round": 1,
    "skillId": "1001",
    "targetId": "beta",
    "type": "ACTION",
  },
  {
    "actorId": "alpha",
    "cooldownRemainingTurns": 2,
    "round": 1,
    "skillId": "1001",
    "type": "COOLDOWN_SET",
  },
  {
    "actorId": "alpha",
    "didHit": true,
    "hitChanceBP": 8000,
    "rollBP": 370,
    "round": 1,
    "skillId": "1001",
    "targetId": "beta",
    "type": "HIT_RESULT",
  },
  {
    "actorId": "alpha",
    "amount": 194,
    "round": 1,
    "skillId": "1001",
    "targetHpAfter": 1806,
    "targetId": "beta",
    "type": "DAMAGE",
  },
  {
    "remainingTurns": 1,
    "round": 1,
    "sourceId": "alpha",
    "statusId": "stunned",
    "targetId": "beta",
    "type": "STATUS_APPLY",
  },
  {
    "controlLossApplied": true,
    "hpDelta": 0,
    "phase": "onApply",
    "round": 1,
    "sourceId": "alpha",
    "statusId": "stunned",
    "targetHpAfter": 1806,
    "targetId": "beta",
    "type": "STATUS_EFFECT_RESOLVE",
  },
  {
    "actorId": "beta",
    "round": 1,
    "type": "STUNNED_SKIP",
  },
  {
    "round": 1,
    "statusId": "stunned",
    "targetId": "beta",
    "type": "STATUS_EXPIRE",
  },
  {
    "round": 1,
    "type": "ROUND_END",
  },
  {
    "round": 2,
    "type": "ROUND_START",
  },
  {
    "actorId": "alpha",
    "round": 2,
    "skillId": "1001",
    "targetId": "beta",
    "type": "ACTION",
  },
  {
    "actorId": "alpha",
    "cooldownRemainingTurns": 2,
    "round": 2,
    "skillId": "1001",
    "type": "COOLDOWN_SET",
  },
  {
    "actorId": "alpha",
    "didHit": true,
    "hitChanceBP": 8000,
    "rollBP": 4690,
    "round": 2,
    "skillId": "1001",
    "targetId": "beta",
    "type": "HIT_RESULT",
  },
  {
    "actorId": "alpha",
    "amount": 194,
    "round": 2,
    "skillId": "1001",
    "targetHpAfter": 1612,
    "targetId": "beta",
    "type": "DAMAGE",
  },
  {
    "remainingTurns": 1,
    "round": 2,
    "sourceId": "alpha",
    "statusId": "stunned",
    "targetId": "beta",
    "type": "STATUS_APPLY",
  },
  {
    "controlLossApplied": true,
    "hpDelta": 0,
    "phase": "onApply",
    "round": 2,
    "sourceId": "alpha",
    "statusId": "stunned",
    "targetHpAfter": 1612,
    "targetId": "beta",
    "type": "STATUS_EFFECT_RESOLVE",
  },
  {
    "actorId": "beta",
    "round": 2,
    "type": "STUNNED_SKIP",
  },
  {
    "round": 2,
    "statusId": "stunned",
    "targetId": "beta",
    "type": "STATUS_EXPIRE",
  },
  {
    "round": 2,
    "type": "ROUND_END",
  },
  {
    "round": 3,
    "type": "ROUND_START",
  },
  {
    "actorId": "alpha",
    "round": 3,
    "skillId": "1001",
    "targetId": "beta",
    "type": "ACTION",
  },
  {
    "actorId": "alpha",
    "cooldownRemainingTurns": 2,
    "round": 3,
    "skillId": "1001",
    "type": "COOLDOWN_SET",
  },
  {
    "actorId": "alpha",
    "didHit": true,
    "hitChanceBP": 8000,
    "rollBP": 5462,
    "round": 3,
    "skillId": "1001",
    "targetId": "beta",
    "type": "HIT_RESULT",
  },
  {
    "actorId": "alpha",
    "amount": 194,
    "round": 3,
    "skillId": "1001",
    "targetHpAfter": 1418,
    "targetId": "beta",
    "type": "DAMAGE",
  },
  {
    "remainingTurns": 1,
    "round": 3,
    "sourceId": "alpha",
    "statusId": "stunned",
    "targetId": "beta",
    "type": "STATUS_APPLY",
  },
  {
    "controlLossApplied": true,
    "hpDelta": 0,
    "phase": "onApply",
    "round": 3,
    "sourceId": "alpha",
    "statusId": "stunned",
    "targetHpAfter": 1418,
    "targetId": "beta",
    "type": "STATUS_EFFECT_RESOLVE",
  },
  {
    "actorId": "beta",
    "round": 3,
    "type": "STUNNED_SKIP",
  },
  {
    "round": 3,
    "statusId": "stunned",
    "targetId": "beta",
    "type": "STATUS_EXPIRE",
  },
  {
    "round": 3,
    "type": "ROUND_END",
  },
  {
    "round": 4,
    "type": "ROUND_START",
  },
  {
    "actorId": "alpha",
    "round": 4,
    "skillId": "1001",
    "targetId": "beta",
    "type": "ACTION",
  },
  {
    "actorId": "alpha",
    "cooldownRemainingTurns": 2,
    "round": 4,
    "skillId": "1001",
    "type": "COOLDOWN_SET",
  },
  {
    "actorId": "alpha",
    "didHit": false,
    "hitChanceBP": 8000,
    "rollBP": 9696,
    "round": 4,
    "skillId": "1001",
    "targetId": "beta",
    "type": "HIT_RESULT",
  },
  {
    "actorId": "beta",
    "round": 4,
    "skillId": "1001",
    "targetId": "alpha",
    "type": "ACTION",
  },
  {
    "actorId": "beta",
    "cooldownRemainingTurns": 2,
    "round": 4,
    "skillId": "1001",
    "type": "COOLDOWN_SET",
  },
  {
    "actorId": "beta",
    "didHit": false,
    "hitChanceBP": 8000,
    "rollBP": 9234,
    "round": 4,
    "skillId": "1001",
    "targetId": "alpha",
    "type": "HIT_RESULT",
  },
  {
    "round": 4,
    "type": "ROUND_END",
  },
  {
    "round": 5,
    "type": "ROUND_START",
  },
  {
    "actorId": "alpha",
    "round": 5,
    "skillId": "1001",
    "targetId": "beta",
    "type": "ACTION",
  },
  {
    "actorId": "alpha",
    "cooldownRemainingTurns": 2,
    "round": 5,
    "skillId": "1001",
    "type": "COOLDOWN_SET",
  },
  {
    "actorId": "alpha",
    "didHit": true,
    "hitChanceBP": 8000,
    "rollBP": 5505,
    "round": 5,
    "skillId": "1001",
    "targetId": "beta",
    "type": "HIT_RESULT",
  },
  {
    "actorId": "alpha",
    "amount": 194,
    "round": 5,
    "skillId": "1001",
    "targetHpAfter": 1224,
    "targetId": "beta",
    "type": "DAMAGE",
  },
  {
    "remainingTurns": 1,
    "round": 5,
    "sourceId": "alpha",
    "statusId": "stunned",
    "targetId": "beta",
    "type": "STATUS_APPLY",
  },
  {
    "controlLossApplied": true,
    "hpDelta": 0,
    "phase": "onApply",
    "round": 5,
    "sourceId": "alpha",
    "statusId": "stunned",
    "targetHpAfter": 1224,
    "targetId": "beta",
    "type": "STATUS_EFFECT_RESOLVE",
  },
  {
    "actorId": "beta",
    "round": 5,
    "type": "STUNNED_SKIP",
  },
  {
    "round": 5,
    "statusId": "stunned",
    "targetId": "beta",
    "type": "STATUS_EXPIRE",
  },
  {
    "round": 5,
    "type": "ROUND_END",
  },
  {
    "round": 6,
    "type": "ROUND_START",
  },
  {
    "actorId": "alpha",
    "round": 6,
    "skillId": "1001",
    "targetId": "beta",
    "type": "ACTION",
  },
  {
    "actorId": "alpha",
    "cooldownRemainingTurns": 2,
    "round": 6,
    "skillId": "1001",
    "type": "COOLDOWN_SET",
  },
  {
    "actorId": "alpha",
    "didHit": true,
    "hitChanceBP": 8000,
    "rollBP": 5483,
    "round": 6,
    "skillId": "1001",
    "targetId": "beta",
    "type": "HIT_RESULT",
  },
  {
    "actorId": "alpha",
    "amount": 194,
    "round": 6,
    "skillId": "1001",
    "targetHpAfter": 1030,
    "targetId": "beta",
    "type": "DAMAGE",
  },
  {
    "remainingTurns": 1,
    "round": 6,
    "sourceId": "alpha",
    "statusId": "stunned",
    "targetId": "beta",
    "type": "STATUS_APPLY",
  },
  {
    "controlLossApplied": true,
    "hpDelta": 0,
    "phase": "onApply",
    "round": 6,
    "sourceId": "alpha",
    "statusId": "stunned",
    "targetHpAfter": 1030,
    "targetId": "beta",
    "type": "STATUS_EFFECT_RESOLVE",
  },
  {
    "actorId": "beta",
    "round": 6,
    "type": "STUNNED_SKIP",
  },
  {
    "round": 6,
    "statusId": "stunned",
    "targetId": "beta",
    "type": "STATUS_EXPIRE",
  },
  {
    "round": 6,
    "type": "ROUND_END",
  },
  {
    "round": 7,
    "type": "ROUND_START",
  },
  {
    "actorId": "alpha",
    "round": 7,
    "skillId": "1001",
    "targetId": "beta",
    "type": "ACTION",
  },
  {
    "actorId": "alpha",
    "cooldownRemainingTurns": 2,
    "round": 7,
    "skillId": "1001",
    "type": "COOLDOWN_SET",
  },
  {
    "actorId": "alpha",
    "didHit": true,
    "hitChanceBP": 8000,
    "rollBP": 6211,
    "round": 7,
    "skillId": "1001",
    "targetId": "beta",
    "type": "HIT_RESULT",
  },
  {
    "actorId": "alpha",
    "amount": 194,
    "round": 7,
    "skillId": "1001",
    "targetHpAfter": 836,
    "targetId": "beta",
    "type": "DAMAGE",
  },
  {
    "remainingTurns": 1,
    "round": 7,
    "sourceId": "alpha",
    "statusId": "stunned",
    "targetId": "beta",
    "type": "STATUS_APPLY",
  },
  {
    "controlLossApplied": true,
    "hpDelta": 0,
    "phase": "onApply",
    "round": 7,
    "sourceId": "alpha",
    "statusId": "stunned",
    "targetHpAfter": 836,
    "targetId": "beta",
    "type": "STATUS_EFFECT_RESOLVE",
  },
  {
    "actorId": "beta",
    "round": 7,
    "type": "STUNNED_SKIP",
  },
  {
    "round": 7,
    "statusId": "stunned",
    "targetId": "beta",
    "type": "STATUS_EXPIRE",
  },
  {
    "round": 7,
    "type": "ROUND_END",
  },
  {
    "round": 8,
    "type": "ROUND_START",
  },
  {
    "actorId": "alpha",
    "round": 8,
    "skillId": "1001",
    "targetId": "beta",
    "type": "ACTION",
  },
  {
    "actorId": "alpha",
    "cooldownRemainingTurns": 2,
    "round": 8,
    "skillId": "1001",
    "type": "COOLDOWN_SET",
  },
  {
    "actorId": "alpha",
    "didHit": true,
    "hitChanceBP": 8000,
    "rollBP": 5030,
    "round": 8,
    "skillId": "1001",
    "targetId": "beta",
    "type": "HIT_RESULT",
  },
  {
    "actorId": "alpha",
    "amount": 194,
    "round": 8,
    "skillId": "1001",
    "targetHpAfter": 642,
    "targetId": "beta",
    "type": "DAMAGE",
  },
  {
    "remainingTurns": 1,
    "round": 8,
    "sourceId": "alpha",
    "statusId": "stunned",
    "targetId": "beta",
    "type": "STATUS_APPLY",
  },
  {
    "controlLossApplied": true,
    "hpDelta": 0,
    "phase": "onApply",
    "round": 8,
    "sourceId": "alpha",
    "statusId": "stunned",
    "targetHpAfter": 642,
    "targetId": "beta",
    "type": "STATUS_EFFECT_RESOLVE",
  },
  {
    "actorId": "beta",
    "round": 8,
    "type": "STUNNED_SKIP",
  },
  {
    "round": 8,
    "statusId": "stunned",
    "targetId": "beta",
    "type": "STATUS_EXPIRE",
  },
  {
    "round": 8,
    "type": "ROUND_END",
  },
  {
    "round": 9,
    "type": "ROUND_START",
  },
  {
    "actorId": "alpha",
    "round": 9,
    "skillId": "1001",
    "targetId": "beta",
    "type": "ACTION",
  },
  {
    "actorId": "alpha",
    "cooldownRemainingTurns": 2,
    "round": 9,
    "skillId": "1001",
    "type": "COOLDOWN_SET",
  },
  {
    "actorId": "alpha",
    "didHit": false,
    "hitChanceBP": 8000,
    "rollBP": 8933,
    "round": 9,
    "skillId": "1001",
    "targetId": "beta",
    "type": "HIT_RESULT",
  },
  {
    "actorId": "beta",
    "round": 9,
    "skillId": "1001",
    "targetId": "alpha",
    "type": "ACTION",
  },
  {
    "actorId": "beta",
    "cooldownRemainingTurns": 2,
    "round": 9,
    "skillId": "1001",
    "type": "COOLDOWN_SET",
  },
  {
    "actorId": "beta",
    "didHit": true,
    "hitChanceBP": 8000,
    "rollBP": 2300,
    "round": 9,
    "skillId": "1001",
    "targetId": "alpha",
    "type": "HIT_RESULT",
  },
  {
    "actorId": "beta",
    "amount": 194,
    "round": 9,
    "skillId": "1001",
    "targetHpAfter": 1806,
    "targetId": "alpha",
    "type": "DAMAGE",
  },
  {
    "remainingTurns": 1,
    "round": 9,
    "sourceId": "beta",
    "statusId": "stunned",
    "targetId": "alpha",
    "type": "STATUS_APPLY",
  },
  {
    "controlLossApplied": true,
    "hpDelta": 0,
    "phase": "onApply",
    "round": 9,
    "sourceId": "beta",
    "statusId": "stunned",
    "targetHpAfter": 1806,
    "targetId": "alpha",
    "type": "STATUS_EFFECT_RESOLVE",
  },
  {
    "round": 9,
    "statusId": "stunned",
    "targetId": "alpha",
    "type": "STATUS_EXPIRE",
  },
  {
    "round": 9,
    "type": "ROUND_END",
  },
  {
    "round": 10,
    "type": "ROUND_START",
  },
  {
    "actorId": "alpha",
    "round": 10,
    "skillId": "1001",
    "targetId": "beta",
    "type": "ACTION",
  },
  {
    "actorId": "alpha",
    "cooldownRemainingTurns": 2,
    "round": 10,
    "skillId": "1001",
    "type": "COOLDOWN_SET",
  },
  {
    "actorId": "alpha",
    "didHit": true,
    "hitChanceBP": 8000,
    "rollBP": 5944,
    "round": 10,
    "skillId": "1001",
    "targetId": "beta",
    "type": "HIT_RESULT",
  },
  {
    "actorId": "alpha",
    "amount": 194,
    "round": 10,
    "skillId": "1001",
    "targetHpAfter": 448,
    "targetId": "beta",
    "type": "DAMAGE",
  },
  {
    "remainingTurns": 1,
    "round": 10,
    "sourceId": "alpha",
    "statusId": "stunned",
    "targetId": "beta",
    "type": "STATUS_APPLY",
  },
  {
    "controlLossApplied": true,
    "hpDelta": 0,
    "phase": "onApply",
    "round": 10,
    "sourceId": "alpha",
    "statusId": "stunned",
    "targetHpAfter": 448,
    "targetId": "beta",
    "type": "STATUS_EFFECT_RESOLVE",
  },
  {
    "actorId": "beta",
    "round": 10,
    "type": "STUNNED_SKIP",
  },
  {
    "round": 10,
    "statusId": "stunned",
    "targetId": "beta",
    "type": "STATUS_EXPIRE",
  },
  {
    "round": 10,
    "type": "ROUND_END",
  },
  {
    "round": 11,
    "type": "ROUND_START",
  },
  {
    "actorId": "alpha",
    "round": 11,
    "skillId": "1001",
    "targetId": "beta",
    "type": "ACTION",
  },
  {
    "actorId": "alpha",
    "cooldownRemainingTurns": 2,
    "round": 11,
    "skillId": "1001",
    "type": "COOLDOWN_SET",
  },
  {
    "actorId": "alpha",
    "didHit": true,
    "hitChanceBP": 8000,
    "rollBP": 6843,
    "round": 11,
    "skillId": "1001",
    "targetId": "beta",
    "type": "HIT_RESULT",
  },
  {
    "actorId": "alpha",
    "amount": 194,
    "round": 11,
    "skillId": "1001",
    "targetHpAfter": 254,
    "targetId": "beta",
    "type": "DAMAGE",
  },
  {
    "remainingTurns": 1,
    "round": 11,
    "sourceId": "alpha",
    "statusId": "stunned",
    "targetId": "beta",
    "type": "STATUS_APPLY",
  },
  {
    "controlLossApplied": true,
    "hpDelta": 0,
    "phase": "onApply",
    "round": 11,
    "sourceId": "alpha",
    "statusId": "stunned",
    "targetHpAfter": 254,
    "targetId": "beta",
    "type": "STATUS_EFFECT_RESOLVE",
  },
  {
    "actorId": "beta",
    "round": 11,
    "type": "STUNNED_SKIP",
  },
  {
    "round": 11,
    "statusId": "stunned",
    "targetId": "beta",
    "type": "STATUS_EXPIRE",
  },
  {
    "round": 11,
    "type": "ROUND_END",
  },
  {
    "round": 12,
    "type": "ROUND_START",
  },
  {
    "actorId": "alpha",
    "round": 12,
    "skillId": "1001",
    "targetId": "beta",
    "type": "ACTION",
  },
  {
    "actorId": "alpha",
    "cooldownRemainingTurns": 2,
    "round": 12,
    "skillId": "1001",
    "type": "COOLDOWN_SET",
  },
  {
    "actorId": "alpha",
    "didHit": false,
    "hitChanceBP": 8000,
    "rollBP": 9199,
    "round": 12,
    "skillId": "1001",
    "targetId": "beta",
    "type": "HIT_RESULT",
  },
  {
    "actorId": "beta",
    "round": 12,
    "skillId": "1001",
    "targetId": "alpha",
    "type": "ACTION",
  },
  {
    "actorId": "beta",
    "cooldownRemainingTurns": 2,
    "round": 12,
    "skillId": "1001",
    "type": "COOLDOWN_SET",
  },
  {
    "actorId": "beta",
    "didHit": true,
    "hitChanceBP": 8000,
    "rollBP": 70,
    "round": 12,
    "skillId": "1001",
    "targetId": "alpha",
    "type": "HIT_RESULT",
  },
  {
    "actorId": "beta",
    "amount": 194,
    "round": 12,
    "skillId": "1001",
    "targetHpAfter": 1612,
    "targetId": "alpha",
    "type": "DAMAGE",
  },
  {
    "remainingTurns": 1,
    "round": 12,
    "sourceId": "beta",
    "statusId": "stunned",
    "targetId": "alpha",
    "type": "STATUS_APPLY",
  },
  {
    "controlLossApplied": true,
    "hpDelta": 0,
    "phase": "onApply",
    "round": 12,
    "sourceId": "beta",
    "statusId": "stunned",
    "targetHpAfter": 1612,
    "targetId": "alpha",
    "type": "STATUS_EFFECT_RESOLVE",
  },
  {
    "round": 12,
    "statusId": "stunned",
    "targetId": "alpha",
    "type": "STATUS_EXPIRE",
  },
  {
    "round": 12,
    "type": "ROUND_END",
  },
  {
    "round": 13,
    "type": "ROUND_START",
  },
  {
    "actorId": "alpha",
    "round": 13,
    "skillId": "1001",
    "targetId": "beta",
    "type": "ACTION",
  },
  {
    "actorId": "alpha",
    "cooldownRemainingTurns": 2,
    "round": 13,
    "skillId": "1001",
    "type": "COOLDOWN_SET",
  },
  {
    "actorId": "alpha",
    "didHit": true,
    "hitChanceBP": 8000,
    "rollBP": 3794,
    "round": 13,
    "skillId": "1001",
    "targetId": "beta",
    "type": "HIT_RESULT",
  },
  {
    "actorId": "alpha",
    "amount": 194,
    "round": 13,
    "skillId": "1001",
    "targetHpAfter": 60,
    "targetId": "beta",
    "type": "DAMAGE",
  },
  {
    "remainingTurns": 1,
    "round": 13,
    "sourceId": "alpha",
    "statusId": "stunned",
    "targetId": "beta",
    "type": "STATUS_APPLY",
  },
  {
    "controlLossApplied": true,
    "hpDelta": 0,
    "phase": "onApply",
    "round": 13,
    "sourceId": "alpha",
    "statusId": "stunned",
    "targetHpAfter": 60,
    "targetId": "beta",
    "type": "STATUS_EFFECT_RESOLVE",
  },
  {
    "actorId": "beta",
    "round": 13,
    "type": "STUNNED_SKIP",
  },
  {
    "round": 13,
    "statusId": "stunned",
    "targetId": "beta",
    "type": "STATUS_EXPIRE",
  },
  {
    "round": 13,
    "type": "ROUND_END",
  },
  {
    "round": 14,
    "type": "ROUND_START",
  },
  {
    "actorId": "alpha",
    "round": 14,
    "skillId": "1001",
    "targetId": "beta",
    "type": "ACTION",
  },
  {
    "actorId": "alpha",
    "cooldownRemainingTurns": 2,
    "round": 14,
    "skillId": "1001",
    "type": "COOLDOWN_SET",
  },
  {
    "actorId": "alpha",
    "didHit": true,
    "hitChanceBP": 8000,
    "rollBP": 4313,
    "round": 14,
    "skillId": "1001",
    "targetId": "beta",
    "type": "HIT_RESULT",
  },
  {
    "actorId": "alpha",
    "amount": 194,
    "round": 14,
    "skillId": "1001",
    "targetHpAfter": 0,
    "targetId": "beta",
    "type": "DAMAGE",
  },
  {
    "remainingTurns": 1,
    "round": 14,
    "sourceId": "alpha",
    "statusId": "stunned",
    "targetId": "beta",
    "type": "STATUS_APPLY",
  },
  {
    "controlLossApplied": true,
    "hpDelta": 0,
    "phase": "onApply",
    "round": 14,
    "sourceId": "alpha",
    "statusId": "stunned",
    "targetHpAfter": 0,
    "targetId": "beta",
    "type": "STATUS_EFFECT_RESOLVE",
  },
  {
    "entityId": "beta",
    "round": 14,
    "type": "DEATH",
  },
  {
    "round": 14,
    "statusId": "stunned",
    "targetId": "beta",
    "type": "STATUS_EXPIRE",
  },
  {
    "round": 14,
    "type": "ROUND_END",
  },
  {
    "loserEntityId": "beta",
    "reason": "death",
    "round": 14,
    "type": "BATTLE_END",
    "winnerEntityId": "alpha",
  },
]
`;
