// Jest Snapshot v1, https://goo.gl/fbAQLP

exports[`stun skip battle snapshot keeps deterministic event order around stunned skips 1`] = `
[
  {
    "round": 1,
    "type": "ROUND_START",
  },
  {
    "actorId": "alpha",
    "round": 1,
    "skillId": "FINISHING_BLOW",
    "targetId": "beta",
    "type": "ACTION",
  },
  {
    "actorId": "alpha",
    "cooldownRemainingTurns": 3,
    "round": 1,
    "skillId": "FINISHING_BLOW",
    "type": "COOLDOWN_SET",
  },
  {
    "actorId": "alpha",
    "didHit": true,
    "hitChanceBP": 8300,
    "rollBP": 370,
    "round": 1,
    "skillId": "FINISHING_BLOW",
    "targetId": "beta",
    "type": "HIT_RESULT",
  },
  {
    "actorId": "alpha",
    "amount": 177,
    "round": 1,
    "skillId": "FINISHING_BLOW",
    "targetHpAfter": 323,
    "targetId": "beta",
    "type": "DAMAGE",
  },
  {
    "remainingTurns": 1,
    "round": 1,
    "sourceId": "alpha",
    "statusId": "stunned",
    "targetId": "beta",
    "type": "STATUS_APPLY",
  },
  {
    "actorId": "beta",
    "round": 1,
    "type": "STUNNED_SKIP",
  },
  {
    "round": 1,
    "statusId": "stunned",
    "targetId": "beta",
    "type": "STATUS_EXPIRE",
  },
  {
    "round": 1,
    "type": "ROUND_END",
  },
  {
    "round": 2,
    "type": "ROUND_START",
  },
  {
    "actorId": "alpha",
    "round": 2,
    "skillId": "VOLT_STRIKE",
    "targetId": "beta",
    "type": "ACTION",
  },
  {
    "actorId": "alpha",
    "cooldownRemainingTurns": 2,
    "round": 2,
    "skillId": "VOLT_STRIKE",
    "type": "COOLDOWN_SET",
  },
  {
    "actorId": "alpha",
    "didHit": true,
    "hitChanceBP": 8000,
    "rollBP": 4690,
    "round": 2,
    "skillId": "VOLT_STRIKE",
    "targetId": "beta",
    "type": "HIT_RESULT",
  },
  {
    "actorId": "alpha",
    "amount": 194,
    "round": 2,
    "skillId": "VOLT_STRIKE",
    "targetHpAfter": 129,
    "targetId": "beta",
    "type": "DAMAGE",
  },
  {
    "remainingTurns": 2,
    "round": 2,
    "sourceId": "alpha",
    "statusId": "broken_armor",
    "targetId": "beta",
    "type": "STATUS_APPLY",
  },
  {
    "actorId": "beta",
    "round": 2,
    "skillId": "VOLT_STRIKE",
    "targetId": "alpha",
    "type": "ACTION",
  },
  {
    "actorId": "beta",
    "cooldownRemainingTurns": 2,
    "round": 2,
    "skillId": "VOLT_STRIKE",
    "type": "COOLDOWN_SET",
  },
  {
    "actorId": "beta",
    "didHit": true,
    "hitChanceBP": 8000,
    "rollBP": 5462,
    "round": 2,
    "skillId": "VOLT_STRIKE",
    "targetId": "alpha",
    "type": "HIT_RESULT",
  },
  {
    "actorId": "beta",
    "amount": 194,
    "round": 2,
    "skillId": "VOLT_STRIKE",
    "targetHpAfter": 1806,
    "targetId": "alpha",
    "type": "DAMAGE",
  },
  {
    "remainingTurns": 2,
    "round": 2,
    "sourceId": "beta",
    "statusId": "broken_armor",
    "targetId": "alpha",
    "type": "STATUS_APPLY",
  },
  {
    "round": 2,
    "type": "ROUND_END",
  },
  {
    "round": 3,
    "type": "ROUND_START",
  },
  {
    "actorId": "alpha",
    "round": 3,
    "skillId": "BASIC_ATTACK",
    "targetId": "beta",
    "type": "ACTION",
  },
  {
    "actorId": "alpha",
    "didHit": false,
    "hitChanceBP": 8000,
    "rollBP": 9696,
    "round": 3,
    "skillId": "BASIC_ATTACK",
    "targetId": "beta",
    "type": "HIT_RESULT",
  },
  {
    "actorId": "beta",
    "round": 3,
    "skillId": "FINISHING_BLOW",
    "targetId": "alpha",
    "type": "ACTION",
  },
  {
    "actorId": "beta",
    "cooldownRemainingTurns": 3,
    "round": 3,
    "skillId": "FINISHING_BLOW",
    "type": "COOLDOWN_SET",
  },
  {
    "actorId": "beta",
    "didHit": false,
    "hitChanceBP": 8300,
    "rollBP": 9234,
    "round": 3,
    "skillId": "FINISHING_BLOW",
    "targetId": "alpha",
    "type": "HIT_RESULT",
  },
  {
    "round": 3,
    "statusId": "broken_armor",
    "targetId": "alpha",
    "type": "STATUS_EXPIRE",
  },
  {
    "round": 3,
    "statusId": "broken_armor",
    "targetId": "beta",
    "type": "STATUS_EXPIRE",
  },
  {
    "round": 3,
    "type": "ROUND_END",
  },
  {
    "round": 4,
    "type": "ROUND_START",
  },
  {
    "actorId": "alpha",
    "round": 4,
    "skillId": "FINISHING_BLOW",
    "targetId": "beta",
    "type": "ACTION",
  },
  {
    "actorId": "alpha",
    "cooldownRemainingTurns": 3,
    "round": 4,
    "skillId": "FINISHING_BLOW",
    "type": "COOLDOWN_SET",
  },
  {
    "actorId": "alpha",
    "didHit": true,
    "hitChanceBP": 8300,
    "rollBP": 5505,
    "round": 4,
    "skillId": "FINISHING_BLOW",
    "targetId": "beta",
    "type": "HIT_RESULT",
  },
  {
    "actorId": "alpha",
    "amount": 177,
    "round": 4,
    "skillId": "FINISHING_BLOW",
    "targetHpAfter": 0,
    "targetId": "beta",
    "type": "DAMAGE",
  },
  {
    "remainingTurns": 1,
    "round": 4,
    "sourceId": "alpha",
    "statusId": "stunned",
    "targetId": "beta",
    "type": "STATUS_APPLY",
  },
  {
    "entityId": "beta",
    "round": 4,
    "type": "DEATH",
  },
  {
    "round": 4,
    "statusId": "stunned",
    "targetId": "beta",
    "type": "STATUS_EXPIRE",
  },
  {
    "round": 4,
    "type": "ROUND_END",
  },
  {
    "loserEntityId": "beta",
    "reason": "death",
    "round": 4,
    "type": "BATTLE_END",
    "winnerEntityId": "alpha",
  },
]
`;
